[4.519s] Invoking command in '/home/thewildwest/turtle_ws/src/selection_task': DEBUGINFOD_URLS=https://debuginfod.ubuntu.com PYTHONPATH=/home/thewildwest/turtle_ws/build/selection_task/prefix_override:/usr/lib/python3/dist-packages/colcon_core/task/python/colcon_distutils_commands:/home/thewildwest/turtle_ws/install/selection_task/lib/python3.14/site-packages:${PYTHONPATH} /usr/bin/python3 -W ignore:setup.py install is deprecated -W ignore:easy_install command is deprecated setup.py egg_info --egg-base ../../build/selection_task build --build-base /home/thewildwest/turtle_ws/build/selection_task/build install --record /home/thewildwest/turtle_ws/build/selection_task/install.log --install-scripts $base/lib/selection_task --single-version-externally-managed install_data
[4.767s] running egg_info
[4.786s] writing ../../build/selection_task/selection_task.egg-info/PKG-INFO
[4.881s] writing dependency_links to ../../build/selection_task/selection_task.egg-info/dependency_links.txt
[4.881s] writing entry points to ../../build/selection_task/selection_task.egg-info/entry_points.txt
[4.882s] writing requirements to ../../build/selection_task/selection_task.egg-info/requires.txt
[4.882s] writing top-level names to ../../build/selection_task/selection_task.egg-info/top_level.txt
[4.924s] reading manifest file '../../build/selection_task/selection_task.egg-info/SOURCES.txt'
[4.941s] writing manifest file '../../build/selection_task/selection_task.egg-info/SOURCES.txt'
[4.941s] running build
[4.941s] running build_py
[4.941s] copying selection_task/__init__.py -> /home/thewildwest/turtle_ws/build/selection_task/build/lib/selection_task
[4.942s] copying selection_task/node_turtle_move.py -> /home/thewildwest/turtle_ws/build/selection_task/build/lib/selection_task
[4.942s] copying selection_task/py.typed -> /home/thewildwest/turtle_ws/build/selection_task/build/lib/selection_task
[4.942s] running install
[4.947s] running install_lib
[4.967s] copying /home/thewildwest/turtle_ws/build/selection_task/build/lib/selection_task/node_turtle_move.py -> /home/thewildwest/turtle_ws/install/selection_task/lib/python3.14/site-packages/selection_task
[4.968s] byte-compiling /home/thewildwest/turtle_ws/install/selection_task/lib/python3.14/site-packages/selection_task/node_turtle_move.py to node_turtle_move.cpython-314.pyc
[4.968s] running install_data
[4.968s] copying resource/selection_task -> /home/thewildwest/turtle_ws/install/selection_task/share/ament_index/resource_index/packages
[4.969s] copying package.xml -> /home/thewildwest/turtle_ws/install/selection_task/share/selection_task
[4.969s] running install_egg_info
[4.989s] removing '/home/thewildwest/turtle_ws/install/selection_task/lib/python3.14/site-packages/selection_task-0.0.0-py3.14.egg-info' (and everything under it)
[4.989s] Copying ../../build/selection_task/selection_task.egg-info to /home/thewildwest/turtle_ws/install/selection_task/lib/python3.14/site-packages/selection_task-0.0.0-py3.14.egg-info
[5.018s] running install_scripts
[5.115s] Installing node_turtle_move script to /home/thewildwest/turtle_ws/install/selection_task/lib/selection_task
[5.115s] writing list of installed files to '/home/thewildwest/turtle_ws/build/selection_task/install.log'
[5.145s] Invoked command in '/home/thewildwest/turtle_ws/src/selection_task' returned '0': DEBUGINFOD_URLS=https://debuginfod.ubuntu.com PYTHONPATH=/home/thewildwest/turtle_ws/build/selection_task/prefix_override:/usr/lib/python3/dist-packages/colcon_core/task/python/colcon_distutils_commands:/home/thewildwest/turtle_ws/install/selection_task/lib/python3.14/site-packages:${PYTHONPATH} /usr/bin/python3 -W ignore:setup.py install is deprecated -W ignore:easy_install command is deprecated setup.py egg_info --egg-base ../../build/selection_task build --build-base /home/thewildwest/turtle_ws/build/selection_task/build install --record /home/thewildwest/turtle_ws/build/selection_task/install.log --install-scripts $base/lib/selection_task --single-version-externally-managed install_data
