running egg_info
writing ../../build/selection_task/selection_task.egg-info/PKG-INFO
writing dependency_links to ../../build/selection_task/selection_task.egg-info/dependency_links.txt
writing entry points to ../../build/selection_task/selection_task.egg-info/entry_points.txt
writing requirements to ../../build/selection_task/selection_task.egg-info/requires.txt
writing top-level names to ../../build/selection_task/selection_task.egg-info/top_level.txt
reading manifest file '../../build/selection_task/selection_task.egg-info/SOURCES.txt'
writing manifest file '../../build/selection_task/selection_task.egg-info/SOURCES.txt'
running build
running build_py
copying selection_task/__init__.py -> /home/thewildwest/turtle_ws/build/selection_task/build/lib/selection_task
copying selection_task/node_turtle_move.py -> /home/thewildwest/turtle_ws/build/selection_task/build/lib/selection_task
copying selection_task/py.typed -> /home/thewildwest/turtle_ws/build/selection_task/build/lib/selection_task
running install
running install_lib
copying /home/thewildwest/turtle_ws/build/selection_task/build/lib/selection_task/node_turtle_move.py -> /home/thewildwest/turtle_ws/install/selection_task/lib/python3.14/site-packages/selection_task
byte-compiling /home/thewildwest/turtle_ws/install/selection_task/lib/python3.14/site-packages/selection_task/node_turtle_move.py to node_turtle_move.cpython-314.pyc
Sorry: IndentationError: unindent does not match any outer indentation level (node_turtle_move.py, line 46)
running install_data
copying resource/selection_task -> /home/thewildwest/turtle_ws/install/selection_task/share/ament_index/resource_index/packages
copying package.xml -> /home/thewildwest/turtle_ws/install/selection_task/share/selection_task
running install_egg_info
removing '/home/thewildwest/turtle_ws/install/selection_task/lib/python3.14/site-packages/selection_task-0.0.0-py3.14.egg-info' (and everything under it)
Copying ../../build/selection_task/selection_task.egg-info to /home/thewildwest/turtle_ws/install/selection_task/lib/python3.14/site-packages/selection_task-0.0.0-py3.14.egg-info
running install_scripts
Installing node_turtle_move script to /home/thewildwest/turtle_ws/install/selection_task/lib/selection_task
writing list of installed files to '/home/thewildwest/turtle_ws/build/selection_task/install.log'
