[-1789666613032187392.000s] DEBUG:colcon:Command line arguments: ['/usr/bin/colcon', 'build']
[-1789666613032187392.000s] DEBUG:colcon:Parsed command line arguments: Namespace(log_base=None, log_level=None, verb_name='build', build_base='build', install_base='install', merge_install=False, symlink_install=False, test_result_base=None, continue_on_error=False, executor='parallel', parallel_workers=12, event_handlers=None, ignore_user_meta=False, metas=['./colcon.meta'], base_paths=['.'], packages_ignore=None, packages_ignore_regex=None, paths=None, packages_up_to=None, packages_up_to_regex=None, packages_above=None, packages_above_and_dependencies=None, packages_above_depth=None, packages_select_by_dep=None, packages_skip_by_dep=None, packages_skip_up_to=None, packages_select_build_failed=False, packages_skip_build_finished=False, packages_select_test_failures=False, packages_skip_test_passed=False, packages_select=None, packages_skip=None, packages_select_regex=None, packages_skip_regex=None, packages_start=None, packages_end=None, allow_overriding=[], cmake_args=None, cmake_target=None, cmake_target_skip_unavailable=False, cmake_clean_cache=False, cmake_clean_first=False, cmake_force_configure=False, ament_cmake_args=None, catkin_cmake_args=None, catkin_skip_building_tests=False, mixin_files=None, mixin=None, verb_parser=<colcon_mixin.mixin.mixin_argument.MixinArgumentDecorator object at 0x73fc187afc50>, verb_extension=<colcon_core.verb.build.BuildVerb object at 0x73fc18767770>, main=<bound method BuildVerb.main of <colcon_core.verb.build.BuildVerb object at 0x73fc18767770>>, mixin_verb=('build',))
[-1789666613032187392.000s] Level 1:colcon.colcon_core.package_discovery:discover_packages(colcon_meta) check parameters
[-1789666613032187392.000s] Level 1:colcon.colcon_core.package_discovery:discover_packages(recursive) check parameters
[-1789666613032187392.000s] Level 1:colcon.colcon_core.package_discovery:discover_packages(ignore) check parameters
[-1789666613032187392.000s] Level 1:colcon.colcon_core.package_discovery:discover_packages(path) check parameters
[-1789666613032187392.000s] Level 1:colcon.colcon_core.package_discovery:discover_packages(colcon_meta) discover
[-1789666613032187392.000s] Level 1:colcon.colcon_core.package_discovery:discover_packages(recursive) discover
[-1789666613032187392.000s] INFO:colcon.colcon_core.package_discovery:Crawling recursively for packages in '/home/thewildwest/turtle_ws'
[-1789666613032187392.000s] Level 1:colcon.colcon_core.package_identification:_identify(.) by extensions ['ignore', 'ignore_ament_install']
[-1789666613032187392.000s] Level 1:colcon.colcon_core.package_identification:_identify(.) by extension 'ignore'
[-1789666613032187392.000s] Level 1:colcon.colcon_core.package_identification:_identify(.) by extension 'ignore_ament_install'
[-1789666613032187392.000s] Level 1:colcon.colcon_core.package_identification:_identify(.) by extensions ['colcon_pkg']
[-1789666613032187392.000s] Level 1:colcon.colcon_core.package_identification:_identify(.) by extension 'colcon_pkg'
[-1789666613032187392.000s] Level 1:colcon.colcon_core.package_identification:_identify(.) by extensions ['colcon_meta']
[-1789666613032187392.000s] Level 1:colcon.colcon_core.package_identification:_identify(.) by extension 'colcon_meta'
[-1789666613032187392.000s] Level 1:colcon.colcon_core.package_identification:_identify(.) by extensions ['ros']
[-1789666613032187392.000s] Level 1:colcon.colcon_core.package_identification:_identify(.) by extension 'ros'
[-1789666613032187392.000s] Level 1:colcon.colcon_core.package_identification:_identify(.) by extensions ['cmake', 'python']
[-1789666613032187392.000s] Level 1:colcon.colcon_core.package_identification:_identify(.) by extension 'cmake'
[-1789666613032187392.000s] Level 1:colcon.colcon_core.package_identification:_identify(.) by extension 'python'
[-1789666613032187392.000s] Level 1:colcon.colcon_core.package_identification:_identify(.) by extensions ['python_setup_py']
[-1789666613032187392.000s] Level 1:colcon.colcon_core.package_identification:_identify(.) by extension 'python_setup_py'
[-1789666613032187392.000s] Level 1:colcon.colcon_core.package_identification:_identify(build) by extensions ['ignore', 'ignore_ament_install']
[-1789666613032187392.000s] Level 1:colcon.colcon_core.package_identification:_identify(build) by extension 'ignore'
[-1789666613032187392.000s] Level 1:colcon.colcon_core.package_identification:_identify(build) ignored
[-1789666613032187392.000s] Level 1:colcon.colcon_core.package_identification:_identify(install) by extensions ['ignore', 'ignore_ament_install']
[-1789666613032187392.000s] Level 1:colcon.colcon_core.package_identification:_identify(install) by extension 'ignore'
[-1789666613032187392.000s] Level 1:colcon.colcon_core.package_identification:_identify(install) ignored
[-1789666613032187392.000s] Level 1:colcon.colcon_core.package_identification:_identify(log) by extensions ['ignore', 'ignore_ament_install']
[-1789666613032187392.000s] Level 1:colcon.colcon_core.package_identification:_identify(log) by extension 'ignore'
[-1789666613032187392.000s] Level 1:colcon.colcon_core.package_identification:_identify(log) ignored
[-1789666613032187392.000s] Level 1:colcon.colcon_core.package_identification:_identify(src) by extensions ['ignore', 'ignore_ament_install']
[-1789666613032187392.000s] Level 1:colcon.colcon_core.package_identification:_identify(src) by extension 'ignore'
[-1789666613032187392.000s] Level 1:colcon.colcon_core.package_identification:_identify(src) by extension 'ignore_ament_install'
[-1789666613032187392.000s] Level 1:colcon.colcon_core.package_identification:_identify(src) by extensions ['colcon_pkg']
[-1789666613032187392.000s] Level 1:colcon.colcon_core.package_identification:_identify(src) by extension 'colcon_pkg'
[-1789666613032187392.000s] Level 1:colcon.colcon_core.package_identification:_identify(src) by extensions ['colcon_meta']
[-1789666613032187392.000s] Level 1:colcon.colcon_core.package_identification:_identify(src) by extension 'colcon_meta'
[-1789666613032187392.000s] Level 1:colcon.colcon_core.package_identification:_identify(src) by extensions ['ros']
[-1789666613032187392.000s] Level 1:colcon.colcon_core.package_identification:_identify(src) by extension 'ros'
[-1789666613032187392.000s] Level 1:colcon.colcon_core.package_identification:_identify(src) by extensions ['cmake', 'python']
[-1789666613032187392.000s] Level 1:colcon.colcon_core.package_identification:_identify(src) by extension 'cmake'
[-1789666613032187392.000s] Level 1:colcon.colcon_core.package_identification:_identify(src) by extension 'python'
[-1789666613032187392.000s] Level 1:colcon.colcon_core.package_identification:_identify(src) by extensions ['python_setup_py']
[-1789666613032187392.000s] Level 1:colcon.colcon_core.package_identification:_identify(src) by extension 'python_setup_py'
[-1789666613032187392.000s] Level 1:colcon.colcon_core.package_identification:_identify(src/selection_task) by extensions ['ignore', 'ignore_ament_install']
[-1789666613032187392.000s] Level 1:colcon.colcon_core.package_identification:_identify(src/selection_task) by extension 'ignore'
[-1789666613032187392.000s] Level 1:colcon.colcon_core.package_identification:_identify(src/selection_task) by extension 'ignore_ament_install'
[-1789666613032187392.000s] Level 1:colcon.colcon_core.package_identification:_identify(src/selection_task) by extensions ['colcon_pkg']
[-1789666613032187392.000s] Level 1:colcon.colcon_core.package_identification:_identify(src/selection_task) by extension 'colcon_pkg'
[-1789666613032187392.000s] Level 1:colcon.colcon_core.package_identification:_identify(src/selection_task) by extensions ['colcon_meta']
[-1789666613032187392.000s] Level 1:colcon.colcon_core.package_identification:_identify(src/selection_task) by extension 'colcon_meta'
[-1789666613032187392.000s] Level 1:colcon.colcon_core.package_identification:_identify(src/selection_task) by extensions ['ros']
[-1789666613032187392.000s] Level 1:colcon.colcon_core.package_identification:_identify(src/selection_task) by extension 'ros'
[-1789666613032187392.000s] DEBUG:colcon.colcon_core.package_identification:Package 'src/selection_task' with type 'ros.ament_python' and name 'selection_task'
[-1789666613032187392.000s] Level 1:colcon.colcon_core.package_discovery:discover_packages(recursive) using defaults
[-1789666613032187392.000s] Level 1:colcon.colcon_core.package_discovery:discover_packages(ignore) discover
[-1789666613032187392.000s] Level 1:colcon.colcon_core.package_discovery:discover_packages(ignore) using defaults
[-1789666613032187392.000s] Level 1:colcon.colcon_core.package_discovery:discover_packages(path) discover
[-1789666613032187392.000s] Level 1:colcon.colcon_core.package_discovery:discover_packages(path) using defaults
[-1789666613032187392.000s] Level 1:colcon.colcon_core.package_discovery:discover_packages(prefix_path) check parameters
[-1789666613032187392.000s] Level 1:colcon.colcon_core.package_discovery:discover_packages(prefix_path) discover
[-1789666613032187392.000s] DEBUG:colcon.colcon_installed_package_information.package_discovery:Found 288 installed packages in /opt/ros/lyrical
[-1789666613032187392.000s] Level 1:colcon.colcon_core.package_discovery:discover_packages(prefix_path) using defaults
[-1789666613032187392.000s] Level 5:colcon.colcon_core.verb:set package 'selection_task' build argument 'cmake_args' from command line to 'None'
[-1789666613032187392.000s] Level 5:colcon.colcon_core.verb:set package 'selection_task' build argument 'cmake_target' from command line to 'None'
[-1789666613032187392.000s] Level 5:colcon.colcon_core.verb:set package 'selection_task' build argument 'cmake_target_skip_unavailable' from command line to 'False'
[-1789666613032187392.000s] Level 5:colcon.colcon_core.verb:set package 'selection_task' build argument 'cmake_clean_cache' from command line to 'False'
[-1789666613032187392.000s] Level 5:colcon.colcon_core.verb:set package 'selection_task' build argument 'cmake_clean_first' from command line to 'False'
[-1789666613032187392.000s] Level 5:colcon.colcon_core.verb:set package 'selection_task' build argument 'cmake_force_configure' from command line to 'False'
[-1789666613032187392.000s] Level 5:colcon.colcon_core.verb:set package 'selection_task' build argument 'ament_cmake_args' from command line to 'None'
[-1789666613032187392.000s] Level 5:colcon.colcon_core.verb:set package 'selection_task' build argument 'catkin_cmake_args' from command line to 'None'
[-1789666613032187392.000s] Level 5:colcon.colcon_core.verb:set package 'selection_task' build argument 'catkin_skip_building_tests' from command line to 'False'
[-1789666613032187392.000s] DEBUG:colcon.colcon_core.verb:Building package 'selection_task' with the following arguments: {'ament_cmake_args': None, 'build_base': '/home/thewildwest/turtle_ws/build/selection_task', 'catkin_cmake_args': None, 'catkin_skip_building_tests': False, 'cmake_args': None, 'cmake_clean_cache': False, 'cmake_clean_first': False, 'cmake_force_configure': False, 'cmake_target': None, 'cmake_target_skip_unavailable': False, 'install_base': '/home/thewildwest/turtle_ws/install/selection_task', 'merge_install': False, 'path': '/home/thewildwest/turtle_ws/src/selection_task', 'symlink_install': False, 'test_result_base': None}
[-1789666613032187392.000s] INFO:colcon.colcon_core.executor:Executing jobs using 'parallel' executor
[-1789666613032187392.000s] DEBUG:colcon.colcon_parallel_executor.executor.parallel:run_until_complete
[-1789666613032187392.000s] INFO:colcon.colcon_ros.task.ament_python.build:Building ROS package in '/home/thewildwest/turtle_ws/src/selection_task' with build type 'ament_python'
[-1789666613032187392.000s] Level 1:colcon.colcon_core.shell:create_environment_hook('selection_task', 'ament_prefix_path')
[-1789666613032187392.000s] INFO:colcon.colcon_core.plugin_system:Skipping extension 'colcon_core.shell.bat': Not used on non-Windows systems
[-1789666613032187392.000s] INFO:colcon.colcon_core.shell:Creating environment hook '/home/thewildwest/turtle_ws/install/selection_task/share/selection_task/hook/ament_prefix_path.ps1'
[-1789666613032187392.000s] INFO:colcon.colcon_core.shell:Creating environment descriptor '/home/thewildwest/turtle_ws/install/selection_task/share/selection_task/hook/ament_prefix_path.dsv'
[-1789666613032187392.000s] INFO:colcon.colcon_core.shell:Creating environment hook '/home/thewildwest/turtle_ws/install/selection_task/share/selection_task/hook/ament_prefix_path.sh'
[-1789666613032187392.000s] INFO:colcon.colcon_core.shell:Skip shell extension 'powershell' for command environment: Not usable outside of PowerShell
[-1789666613032187392.000s] DEBUG:colcon.colcon_core.shell:Skip shell extension 'dsv' for command environment
[-1789666613032187392.000s] INFO:colcon.colcon_core.task.python.build:Building Python package in '/home/thewildwest/turtle_ws/src/selection_task'
[-1789666613032187392.000s] INFO:colcon.colcon_core.shell:Skip shell extension 'powershell' for command environment: Not usable outside of PowerShell
[-1789666613032187392.000s] DEBUG:colcon.colcon_core.shell:Skip shell extension 'dsv' for command environment
[-1789666613032187392.000s] DEBUG:colcon.colcon_core.task.python.build:Available setuptools commands: install, egg_info, install_lib, extract_messages, update_catalog, develop, build, install_data, bdist_rpm, build_py, install_egg_info, bdist, bdist_dumb, install_headers, install_scripts, bdist_wheel, sdist, build_clib, setopt, saveopts, check, rotate, symlink_data, dist_info, clean, init_catalog, bdist_egg, editable_wheel, build_scripts, alias, compile_catalog, build_ext, easy_install
[-1789666613032187392.000s] DEBUG:colcon.colcon_core.event_handler.log_command:Invoking command in '/home/thewildwest/turtle_ws/src/selection_task': DEBUGINFOD_URLS=https://debuginfod.ubuntu.com PYTHONPATH=/home/thewildwest/turtle_ws/build/selection_task/prefix_override:/usr/lib/python3/dist-packages/colcon_core/task/python/colcon_distutils_commands:/home/thewildwest/turtle_ws/install/selection_task/lib/python3.14/site-packages:${PYTHONPATH} /usr/bin/python3 -W ignore:setup.py install is deprecated -W ignore:easy_install command is deprecated setup.py egg_info --egg-base ../../build/selection_task build --build-base /home/thewildwest/turtle_ws/build/selection_task/build install --record /home/thewildwest/turtle_ws/build/selection_task/install.log --install-scripts $base/lib/selection_task --single-version-externally-managed install_data
[-1789666613032187392.000s] DEBUG:colcon.colcon_core.event_handler.log_command:Invoked command in '/home/thewildwest/turtle_ws/src/selection_task' returned '0': DEBUGINFOD_URLS=https://debuginfod.ubuntu.com PYTHONPATH=/home/thewildwest/turtle_ws/build/selection_task/prefix_override:/usr/lib/python3/dist-packages/colcon_core/task/python/colcon_distutils_commands:/home/thewildwest/turtle_ws/install/selection_task/lib/python3.14/site-packages:${PYTHONPATH} /usr/bin/python3 -W ignore:setup.py install is deprecated -W ignore:easy_install command is deprecated setup.py egg_info --egg-base ../../build/selection_task build --build-base /home/thewildwest/turtle_ws/build/selection_task/build install --record /home/thewildwest/turtle_ws/build/selection_task/install.log --install-scripts $base/lib/selection_task --single-version-externally-managed install_data
[-1789666613032187392.000s] Level 1:colcon.colcon_core.environment:checking '/home/thewildwest/turtle_ws/install/selection_task' for CMake module files
[-1789666613032187392.000s] Level 1:colcon.colcon_core.environment:checking '/home/thewildwest/turtle_ws/install/selection_task' for CMake config files
[-1789666613032187392.000s] Level 1:colcon.colcon_core.environment:checking '/home/thewildwest/turtle_ws/install/selection_task/lib'
[-1789666613032187392.000s] Level 1:colcon.colcon_core.environment:checking '/home/thewildwest/turtle_ws/install/selection_task/bin'
[-1789666613032187392.000s] Level 1:colcon.colcon_core.environment:checking '/home/thewildwest/turtle_ws/install/selection_task/lib/pkgconfig/selection_task.pc'
[-1789666613032187392.000s] Level 1:colcon.colcon_core.environment:checking '/home/thewildwest/turtle_ws/install/selection_task/lib/python3.14/site-packages'
[-1789666613032187392.000s] Level 1:colcon.colcon_core.shell:create_environment_hook('selection_task', 'pythonpath')
[-1789666613032187392.000s] INFO:colcon.colcon_core.shell:Creating environment hook '/home/thewildwest/turtle_ws/install/selection_task/share/selection_task/hook/pythonpath.ps1'
[-1789666613032187392.000s] INFO:colcon.colcon_core.shell:Creating environment descriptor '/home/thewildwest/turtle_ws/install/selection_task/share/selection_task/hook/pythonpath.dsv'
[-1789666613032187392.000s] INFO:colcon.colcon_core.shell:Creating environment hook '/home/thewildwest/turtle_ws/install/selection_task/share/selection_task/hook/pythonpath.sh'
[-1789666613032187392.000s] Level 1:colcon.colcon_core.environment:checking '/home/thewildwest/turtle_ws/install/selection_task/bin'
[-1789666613032187392.000s] Level 1:colcon.colcon_core.environment:create_environment_scripts_only(selection_task)
[-1789666613032187392.000s] INFO:colcon.colcon_core.shell:Creating package script '/home/thewildwest/turtle_ws/install/selection_task/share/selection_task/package.ps1'
[-1789666613032187392.000s] INFO:colcon.colcon_core.shell:Creating package descriptor '/home/thewildwest/turtle_ws/install/selection_task/share/selection_task/package.dsv'
[-1789666613032187392.000s] INFO:colcon.colcon_core.shell:Creating package script '/home/thewildwest/turtle_ws/install/selection_task/share/selection_task/package.sh'
[-1789666613032187392.000s] INFO:colcon.colcon_core.shell:Creating package script '/home/thewildwest/turtle_ws/install/selection_task/share/selection_task/package.bash'
[-1789666613032187392.000s] INFO:colcon.colcon_core.shell:Creating package script '/home/thewildwest/turtle_ws/install/selection_task/share/selection_task/package.zsh'
[-1789666613032187392.000s] Level 1:colcon.colcon_core.environment:create_file_with_runtime_dependencies(/home/thewildwest/turtle_ws/install/selection_task/share/colcon-core/packages/selection_task)
[-1789666613032187392.000s] DEBUG:colcon.colcon_parallel_executor.executor.parallel:closing loop
[-1789666613032187392.000s] DEBUG:colcon.colcon_parallel_executor.executor.parallel:loop closed
[-1789666613032187392.000s] DEBUG:colcon.colcon_parallel_executor.executor.parallel:run_until_complete finished with '0'
[-1789666613032187392.000s] DEBUG:colcon.colcon_core.event_reactor:joining thread
[-1789666613032187392.000s] INFO:colcon.colcon_core.plugin_system:Skipping extension 'colcon_notification.desktop_notification.terminal_notifier': Not used on non-Darwin systems
[-1789666613032187392.000s] INFO:colcon.colcon_core.plugin_system:Skipping extension 'colcon_notification.desktop_notification.win32': Not used on non-Windows systems
[-1789666613032187392.000s] INFO:colcon.colcon_notification.desktop_notification:Sending desktop notification using 'notify2'
[-1789666613032187392.000s] DEBUG:colcon.colcon_core.event_reactor:joined thread
[-1789666613032187392.000s] INFO:colcon.colcon_core.shell:Creating prefix script '/home/thewildwest/turtle_ws/install/local_setup.ps1'
[-1789666613032187392.000s] INFO:colcon.colcon_core.shell:Creating prefix util module '/home/thewildwest/turtle_ws/install/_local_setup_util_ps1.py'
[-1789666613032187392.000s] INFO:colcon.colcon_core.shell:Creating prefix chain script '/home/thewildwest/turtle_ws/install/setup.ps1'
[-1789666613032187392.000s] INFO:colcon.colcon_core.shell:Creating prefix script '/home/thewildwest/turtle_ws/install/local_setup.sh'
[-1789666613032187392.000s] INFO:colcon.colcon_core.shell:Creating prefix util module '/home/thewildwest/turtle_ws/install/_local_setup_util_sh.py'
[-1789666613032187392.000s] INFO:colcon.colcon_core.shell:Creating prefix chain script '/home/thewildwest/turtle_ws/install/setup.sh'
[-1789666613032187392.000s] INFO:colcon.colcon_core.shell:Creating prefix script '/home/thewildwest/turtle_ws/install/local_setup.bash'
[-1789666613032187392.000s] INFO:colcon.colcon_core.shell:Creating prefix chain script '/home/thewildwest/turtle_ws/install/setup.bash'
[-1789666613032187392.000s] INFO:colcon.colcon_core.shell:Creating prefix script '/home/thewildwest/turtle_ws/install/local_setup.zsh'
[-1789666613032187392.000s] INFO:colcon.colcon_core.shell:Creating prefix chain script '/home/thewildwest/turtle_ws/install/setup.zsh'
